
> react-kavia@0.1.0 start
> react-scripts start

(node:159797) [DEP_WEBPACK_DEV_SERVER_ON_AFTER_SETUP_MIDDLEWARE] DeprecationWarning: 'onAfterSetupMiddleware' option is deprecated. Please use the 'setupMiddlewares' option.
(Use `node --trace-deprecation ...` to show where the warning was created)
(node:159797) [DEP_WEBPACK_DEV_SERVER_ON_BEFORE_SETUP_MIDDLEWARE] DeprecationWarning: 'onBeforeSetupMiddleware' option is deprecated. Please use the 'setupMiddlewares' option.
Starting the development server...

Compiled successfully!

You can now view react-kavia in the browser.

  Local:            http://localhost:3000
  On Your Network:  http://172.17.0.2:3000

Note that the development build is not optimized.
To create a production build, use npm run build.

webpack compiled successfully
Compiling...
Compiled with warnings.

[eslint] 
src/App.js
  Line 33:10:   'news' is assigned a value but never used     no-unused-vars
  Line 34:10:   'weather' is assigned a value but never used  no-unused-vars
  Line 405:12:  'QuickLinks' is defined but never used        no-unused-vars

Search for the keywords to learn more about each warning.
To ignore, add // eslint-disable-next-line to the line before.

WARNING in [eslint] 
src/App.js
  Line 33:10:   'news' is assigned a value but never used     no-unused-vars
  Line 34:10:   'weather' is assigned a value but never used  no-unused-vars
  Line 405:12:  'QuickLinks' is defined but never used        no-unused-vars

webpack compiled with 1 warning
Compiling...
Compiled with warnings.

[eslint] 
src/App.js
  Line 33:10:   'news' is assigned a value but never used     no-unused-vars
  Line 34:10:   'weather' is assigned a value but never used  no-unused-vars
  Line 405:12:  'QuickLinks' is defined but never used        no-unused-vars

src/FeedbackPage.js
  Line 28:5:  The element section has an implicit role of region. Defining this explicitly is redundant and should be avoided  jsx-a11y/no-redundant-roles
  Line 44:7:  The element form has an implicit role of form. Defining this explicitly is redundant and should be avoided       jsx-a11y/no-redundant-roles

Search for the keywords to learn more about each warning.
To ignore, add // eslint-disable-next-line to the line before.

WARNING in [eslint] 
src/App.js
  Line 33:10:   'news' is assigned a value but never used     no-unused-vars
  Line 34:10:   'weather' is assigned a value but never used  no-unused-vars
  Line 405:12:  'QuickLinks' is defined but never used        no-unused-vars

src/FeedbackPage.js
  Line 28:5:  The element section has an implicit role of region. Defining this explicitly is redundant and should be avoided  jsx-a11y/no-redundant-roles
  Line 44:7:  The element form has an implicit role of form. Defining this explicitly is redundant and should be avoided       jsx-a11y/no-redundant-roles

webpack compiled with 1 warning
Compiling...
Compiled with warnings.

[eslint] 
src/App.js
  Line 33:10:   'news' is assigned a value but never used     no-unused-vars
  Line 34:10:   'weather' is assigned a value but never used  no-unused-vars
  Line 405:12:  'QuickLinks' is defined but never used        no-unused-vars

src/FeedbackPage.js
  Line 28:5:  The element section has an implicit role of region. Defining this explicitly is redundant and should be avoided  jsx-a11y/no-redundant-roles
  Line 44:7:  The element form has an implicit role of form. Defining this explicitly is redundant and should be avoided       jsx-a11y/no-redundant-roles

src/WeatherPage.js
  Line 95:5:  The element section has an implicit role of region. Defining this explicitly is redundant and should be avoided  jsx-a11y/no-redundant-roles

Search for the keywords to learn more about each warning.
To ignore, add // eslint-disable-next-line to the line before.

WARNING in [eslint] 
src/App.js
  Line 33:10:   'news' is assigned a value but never used     no-unused-vars
  Line 34:10:   'weather' is assigned a value but never used  no-unused-vars
  Line 405:12:  'QuickLinks' is defined but never used        no-unused-vars

src/FeedbackPage.js
  Line 28:5:  The element section has an implicit role of region. Defining this explicitly is redundant and should be avoided  jsx-a11y/no-redundant-roles
  Line 44:7:  The element form has an implicit role of form. Defining this explicitly is redundant and should be avoided       jsx-a11y/no-redundant-roles

src/WeatherPage.js
  Line 95:5:  The element section has an implicit role of region. Defining this explicitly is redundant and should be avoided  jsx-a11y/no-redundant-roles

webpack compiled with 1 warning
Compiling...
Compiled with warnings.

[eslint] 
src/App.js
  Line 33:10:   'news' is assigned a value but never used     no-unused-vars
  Line 34:10:   'weather' is assigned a value but never used  no-unused-vars
  Line 405:12:  'QuickLinks' is defined but never used        no-unused-vars

src/FeedbackPage.js
  Line 28:5:  The element section has an implicit role of region. Defining this explicitly is redundant and should be avoided  jsx-a11y/no-redundant-roles
  Line 44:7:  The element form has an implicit role of form. Defining this explicitly is redundant and should be avoided       jsx-a11y/no-redundant-roles

src/ResourcesPage.js
  Line 213:5:  The element section has an implicit role of region. Defining this explicitly is redundant and should be avoided  jsx-a11y/no-redundant-roles

src/WeatherPage.js
  Line 95:5:  The element section has an implicit role of region. Defining this explicitly is redundant and should be avoided  jsx-a11y/no-redundant-roles

Search for the keywords to learn more about each warning.
To ignore, add // eslint-disable-next-line to the line before.

WARNING in [eslint] 
src/App.js
  Line 33:10:   'news' is assigned a value but never used     no-unused-vars
  Line 34:10:   'weather' is assigned a value but never used  no-unused-vars
  Line 405:12:  'QuickLinks' is defined but never used        no-unused-vars

src/FeedbackPage.js
  Line 28:5:  The element section has an implicit role of region. Defining this explicitly is redundant and should be avoided  jsx-a11y/no-redundant-roles
  Line 44:7:  The element form has an implicit role of form. Defining this explicitly is redundant and should be avoided       jsx-a11y/no-redundant-roles

src/ResourcesPage.js
  Line 213:5:  The element section has an implicit role of region. Defining this explicitly is redundant and should be avoided  jsx-a11y/no-redundant-roles

src/WeatherPage.js
  Line 95:5:  The element section has an implicit role of region. Defining this explicitly is redundant and should be avoided  jsx-a11y/no-redundant-roles

webpack compiled with 1 warning
Compiling...
Compiled with warnings.

[eslint] 
src/App.js
  Line 33:10:   'news' is assigned a value but never used     no-unused-vars
  Line 34:10:   'weather' is assigned a value but never used  no-unused-vars
  Line 405:12:  'QuickLinks' is defined but never used        no-unused-vars

src/EventsPage.js
  Line 390:5:  The element section has an implicit role of region. Defining this explicitly is redundant and should be avoided  jsx-a11y/no-redundant-roles

src/FeedbackPage.js
  Line 28:5:  The element section has an implicit role of region. Defining this explicitly is redundant and should be avoided  jsx-a11y/no-redundant-roles
  Line 44:7:  The element form has an implicit role of form. Defining this explicitly is redundant and should be avoided       jsx-a11y/no-redundant-roles

src/ResourcesPage.js
  Line 213:5:  The element section has an implicit role of region. Defining this explicitly is redundant and should be avoided  jsx-a11y/no-redundant-roles

src/WeatherPage.js
  Line 95:5:  The element section has an implicit role of region. Defining this explicitly is redundant and should be avoided  jsx-a11y/no-redundant-roles

Search for the keywords to learn more about each warning.
To ignore, add // eslint-disable-next-line to the line before.

WARNING in [eslint] 
src/App.js
  Line 33:10:   'news' is assigned a value but never used     no-unused-vars
  Line 34:10:   'weather' is assigned a value but never used  no-unused-vars
  Line 405:12:  'QuickLinks' is defined but never used        no-unused-vars

src/EventsPage.js
  Line 390:5:  The element section has an implicit role of region. Defining this explicitly is redundant and should be avoided  jsx-a11y/no-redundant-roles

src/FeedbackPage.js
  Line 28:5:  The element section has an implicit role of region. Defining this explicitly is redundant and should be avoided  jsx-a11y/no-redundant-roles
  Line 44:7:  The element form has an implicit role of form. Defining this explicitly is redundant and should be avoided       jsx-a11y/no-redundant-roles

src/ResourcesPage.js
  Line 213:5:  The element section has an implicit role of region. Defining this explicitly is redundant and should be avoided  jsx-a11y/no-redundant-roles

src/WeatherPage.js
  Line 95:5:  The element section has an implicit role of region. Defining this explicitly is redundant and should be avoided  jsx-a11y/no-redundant-roles

webpack compiled with 1 warning
Compiling...
Compiled with warnings.

[eslint] 
src/App.js
  Line 33:10:   'news' is assigned a value but never used     no-unused-vars
  Line 34:10:   'weather' is assigned a value but never used  no-unused-vars
  Line 405:12:  'QuickLinks' is defined but never used        no-unused-vars

src/EventsPage.js
  Line 390:5:  The element section has an implicit role of region. Defining this explicitly is redundant and should be avoided  jsx-a11y/no-redundant-roles

src/FeedbackPage.js
  Line 28:5:  The element section has an implicit role of region. Defining this explicitly is redundant and should be avoided  jsx-a11y/no-redundant-roles
  Line 44:7:  The element form has an implicit role of form. Defining this explicitly is redundant and should be avoided       jsx-a11y/no-redundant-roles

src/RegisterPage.js
  Line 31:5:  The element section has an implicit role of region. Defining this explicitly is redundant and should be avoided  jsx-a11y/no-redundant-roles
  Line 74:9:  The element form has an implicit role of form. Defining this explicitly is redundant and should be avoided       jsx-a11y/no-redundant-roles

src/ResourcesPage.js
  Line 213:5:  The element section has an implicit role of region. Defining this explicitly is redundant and should be avoided  jsx-a11y/no-redundant-roles

src/WeatherPage.js
  Line 95:5:  The element section has an implicit role of region. Defining this explicitly is redundant and should be avoided  jsx-a11y/no-redundant-roles

Search for the keywords to learn more about each warning.
To ignore, add // eslint-disable-next-line to the line before.

WARNING in [eslint] 
src/App.js
  Line 33:10:   'news' is assigned a value but never used     no-unused-vars
  Line 34:10:   'weather' is assigned a value but never used  no-unused-vars
  Line 405:12:  'QuickLinks' is defined but never used        no-unused-vars

src/EventsPage.js
  Line 390:5:  The element section has an implicit role of region. Defining this explicitly is redundant and should be avoided  jsx-a11y/no-redundant-roles

src/FeedbackPage.js
  Line 28:5:  The element section has an implicit role of region. Defining this explicitly is redundant and should be avoided  jsx-a11y/no-redundant-roles
  Line 44:7:  The element form has an implicit role of form. Defining this explicitly is redundant and should be avoided       jsx-a11y/no-redundant-roles

src/RegisterPage.js
  Line 31:5:  The element section has an implicit role of region. Defining this explicitly is redundant and should be avoided  jsx-a11y/no-redundant-roles
  Line 74:9:  The element form has an implicit role of form. Defining this explicitly is redundant and should be avoided       jsx-a11y/no-redundant-roles

src/ResourcesPage.js
  Line 213:5:  The element section has an implicit role of region. Defining this explicitly is redundant and should be avoided  jsx-a11y/no-redundant-roles

src/WeatherPage.js
  Line 95:5:  The element section has an implicit role of region. Defining this explicitly is redundant and should be avoided  jsx-a11y/no-redundant-roles

webpack compiled with 1 warning
